current directory: D:/a/rubyinstaller2-packages/rubyinstaller2-packages/mingw-w64-ruby31/pkg/mingw-w64-ucrt-x86_64-ruby31/ucrt64/lib/ruby/gems/3.1.0/gems/debug-1.4.0/ext/debug
D:/a/rubyinstaller2-packages/rubyinstaller2-packages/mingw-w64-ruby31/pkg/mingw-w64-ucrt-x86_64-ruby31/ucrt64/bin/ruby --disable\=gems -ID:/a/rubyinstaller2-packages/rubyinstaller2-packages/mingw-w64-ruby31/pkg/mingw-w64-ucrt-x86_64-ruby31/ucrt64/lib/ruby/3.1.0/x64-mingw-ucrt -I D:/a/rubyinstaller2-packages/rubyinstaller2-packages/mingw-w64-ruby31/src/ruby-3.1.0/lib -r ./siteconf20211228-1912-9tbcp4.rb extconf.rb
creating Makefile

current directory: D:/a/rubyinstaller2-packages/rubyinstaller2-packages/mingw-w64-ruby31/pkg/mingw-w64-ucrt-x86_64-ruby31/ucrt64/lib/ruby/gems/3.1.0/gems/debug-1.4.0/ext/debug
make.exe DESTDIR\= clean
make[1]: warning: jobserver unavailable: using -j1.  Add '+' to parent make rule.
make[1]: Entering directory '/d/a/rubyinstaller2-packages/rubyinstaller2-packages/mingw-w64-ruby31/pkg/mingw-w64-ucrt-x86_64-ruby31/ucrt64/lib/ruby/gems/3.1.0/gems/debug-1.4.0/ext/debug'
make[1]: Leaving directory '/d/a/rubyinstaller2-packages/rubyinstaller2-packages/mingw-w64-ruby31/pkg/mingw-w64-ucrt-x86_64-ruby31/ucrt64/lib/ruby/gems/3.1.0/gems/debug-1.4.0/ext/debug'

current directory: D:/a/rubyinstaller2-packages/rubyinstaller2-packages/mingw-w64-ruby31/pkg/mingw-w64-ucrt-x86_64-ruby31/ucrt64/lib/ruby/gems/3.1.0/gems/debug-1.4.0/ext/debug
make.exe DESTDIR\=
make[1]: warning: jobserver unavailable: using -j1.  Add '+' to parent make rule.
make[1]: Entering directory '/d/a/rubyinstaller2-packages/rubyinstaller2-packages/mingw-w64-ruby31/pkg/mingw-w64-ucrt-x86_64-ruby31/ucrt64/lib/ruby/gems/3.1.0/gems/debug-1.4.0/ext/debug'
generating debug-x64-mingw-ucrt.def
compiling debug.c
compiling iseq_collector.c
linking shared-object debug/debug.so
make[1]: Leaving directory '/d/a/rubyinstaller2-packages/rubyinstaller2-packages/mingw-w64-ruby31/pkg/mingw-w64-ucrt-x86_64-ruby31/ucrt64/lib/ruby/gems/3.1.0/gems/debug-1.4.0/ext/debug'

current directory: D:/a/rubyinstaller2-packages/rubyinstaller2-packages/mingw-w64-ruby31/pkg/mingw-w64-ucrt-x86_64-ruby31/ucrt64/lib/ruby/gems/3.1.0/gems/debug-1.4.0/ext/debug
make.exe DESTDIR\= install
make[1]: warning: jobserver unavailable: using -j1.  Add '+' to parent make rule.
make[1]: Entering directory '/d/a/rubyinstaller2-packages/rubyinstaller2-packages/mingw-w64-ruby31/pkg/mingw-w64-ucrt-x86_64-ruby31/ucrt64/lib/ruby/gems/3.1.0/gems/debug-1.4.0/ext/debug'
/usr/bin/install -c -m 0755 debug.so ./.gem.20211228-1912-d2mrmz/debug
make[1]: Leaving directory '/d/a/rubyinstaller2-packages/rubyinstaller2-packages/mingw-w64-ruby31/pkg/mingw-w64-ucrt-x86_64-ruby31/ucrt64/lib/ruby/gems/3.1.0/gems/debug-1.4.0/ext/debug'
